POST https://api.searchads.apple.com/api/v5/campaigns/123/adgroups/negativekeywords/find
Accept: application/json
Authorization: Bearer token
Content-Type: application/json
Host: api.searchads.apple.com
X-AP-Context: orgId=12345

{
  "conditions": [
    {
      "field": "status",
      "operator": "EQUALS",
      "values": [
        "ACTIVE"
      ]
    },
    {
      "field": "matchType",
      "operator": "CONTAINS",
      "values": [
        "BROAD",
        "EXACT"
      ]
    }
  ],
  "fields": [
    "id",
    "text"
  ],
  "orderBy": [
    {
      "field": "modificationTime",
      "sortOrder": "ASCENDING"
    }
  ],
  "pagination": {
    "limit": 20,
    "offset": 40
  }
}
