POST https://api.searchads.apple.com/api/v5/reports/campaigns
Accept: application/json
Authorization: Bearer token
Content-Type: application/json
Host: api.searchads.apple.com
X-AP-Context: orgId=12345

{
  "endTime": "2025-01-31",
  "granularity": "DAILY",
  "groupBy": [
    "locality",
    "gender"
  ],
  "returnGrandTotals": true,
  "returnRecordsWithNoMetrics": true,
  "returnRowTotals": true,
  "selector": {
    "conditions": [
      {
        "field": "campaignStatus",
        "operator": "EQUALS",
        "values": [
          "ENABLED"
        ]
      },
      {
        "field": "displayStatus",
        "operator": "CONTAINS",
        "values": [
          "RUNNING",
          "PAUSED"
        ]
      }
    ],
    "orderBy": [
      {
        "field": "dailyBudget",
        "sortOrder": "ASCENDING"
      }
    ],
    "pagination": {
      "limit": 20,
      "offset": 40
    }
  },
  "startTime": "2024-12-31",
  "timeZone": "UTC"
}
