POST https://api.searchads.apple.com/api/v5/creatives/find
Accept: application/json
Authorization: Bearer token
Content-Type: application/json
Host: api.searchads.apple.com
X-AP-Context: orgId=12345

{
  "conditions": [
    {
      "field": "state",
      "operator": "EQUALS",
      "values": [
        "VALID"
      ]
    },
    {
      "field": "stateReasons",
      "operator": "CONTAINS",
      "values": [
        "ASSET_DELETED",
        "PRODUCT_PAGE_DELETED"
      ]
    }
  ],
  "fields": [
    "id",
    "name"
  ],
  "orderBy": [
    {
      "field": "creationTime",
      "sortOrder": "ASCENDING"
    }
  ],
  "pagination": {
    "limit": 20,
    "offset": 40
  }
}
